// Jest Snapshot v1, https://goo.gl/fbAQLP

exports[`GoalModal tests expect to render GoalModal component to render 1`] = `
<Fragment>
  <Button
    active={false}
    disabled={false}
    onClick={[Function]}
    style={
      Object {
        "backgroundColor": "rgb(18, 207, 90)",
        "borderColor": "rgb(18, 207, 90)",
      }
    }
    type="button"
    variant="primary"
  >
    Mas info
  </Button>
  <Modal
    animation={true}
    aria-labelledby="contained-modal-title-vcenter"
    autoFocus={true}
    backdrop={true}
    centered={true}
    dialogAs={
      Object {
        "$$typeof": Symbol(react.forward_ref),
        "render": [Function],
      }
    }
    enforceFocus={true}
    keyboard={true}
    restoreFocus={true}
    show={false}
    size="lg"
  >
    <ModalHeader
      closeButton={false}
      closeLabel="Close"
    >
      <ModalTitle
        id="contained-modal-title-vcenter"
      >
        enero
      </ModalTitle>
      <Button
        active={false}
        disabled={false}
        onClick={[Function]}
        style={
          Object {
            "backgroundColor": "white",
            "borderColor": "white",
            "color": "black",
          }
        }
        type="button"
        variant="primary"
      >
        X
      </Button>
    </ModalHeader>
    <ModalBody>
      <h4>
        2021-09
      </h4>
      <p>
        Objetivos:
      </p>
      <div
        key="1"
        style={
          Object {
            "background": "#B6E052",
            "borderRadius": 10,
            "margin": "5px",
            "padding": 5,
            "textAlign": "center",
            "top": "3px",
          }
        }
      >
        <p
          style={
            Object {
              "margin": 0,
            }
          }
        >
          fideos
          : 
          3000
           de 
          3000
        </p>
        <ProgressBar
          animated={true}
          isChild={false}
          label="100.00%"
          max={100}
          min={0}
          now={100}
          srOnly={false}
          striped={false}
          variant="danger"
        />
      </div>
      <div
        key="2"
        style={
          Object {
            "background": "#B6E052",
            "borderRadius": 10,
            "margin": "5px",
            "padding": 5,
            "textAlign": "center",
            "top": "3px",
          }
        }
      >
        <p
          style={
            Object {
              "margin": 0,
            }
          }
        >
          carnes
          : 
          3000
           de 
          2000
        </p>
        <ProgressBar
          animated={true}
          isChild={false}
          label="150.00%"
          max={100}
          min={0}
          now={150}
          srOnly={false}
          striped={false}
          variant="danger"
        />
      </div>
      <p>
        Calorias totales consumidas: 
        /
        300
        :
      </p>
      <ProgressBar
        animated={true}
        isChild={false}
        label="NaN%"
        max={100}
        min={0}
        now={NaN}
        srOnly={false}
        striped={false}
        variant="success"
      />
    </ModalBody>
    <ModalFooter>
      <Button
        active={false}
        disabled={false}
        onClick={[Function]}
        style={
          Object {
            "backgroundColor": "rgb(18, 207, 90)",
            "borderColor": "rgb(18, 207, 90)",
          }
        }
        type="button"
        variant="primary"
      >
        Eliminar
      </Button>
    </ModalFooter>
  </Modal>
</Fragment>
`;
