// Jest Snapshot v1, https://goo.gl/fbAQLP

exports[`MealModal tests expect to render MealModal component to render 1`] = `
<Fragment>
  <Button
    active={false}
    disabled={false}
    onClick={[Function]}
    style={
      Object {
        "backgroundColor": "rgb(18, 207, 90)",
        "borderColor": "rgb(18, 207, 90)",
      }
    }
    type="button"
    variant="primary"
  >
    Mas info
  </Button>
  <Modal
    animation={true}
    aria-labelledby="contained-modal-title-vcenter"
    autoFocus={true}
    backdrop={true}
    centered={true}
    dialogAs={
      Object {
        "$$typeof": Symbol(react.forward_ref),
        "render": [Function],
      }
    }
    enforceFocus={true}
    keyboard={true}
    restoreFocus={true}
    show={false}
    size="lg"
  >
    <ModalHeader
      closeButton={false}
      closeLabel="Close"
    >
      <ModalTitle
        id="contained-modal-title-vcenter"
      >
        comida1
      </ModalTitle>
      <Button
        active={false}
        disabled={false}
        onClick={[Function]}
        style={
          Object {
            "backgroundColor": "white",
            "borderColor": "white",
            "color": "black",
          }
        }
        type="button"
        variant="primary"
      >
        X
      </Button>
    </ModalHeader>
    <ModalBody>
      <h4>
        2021-09-09 00:00
      </h4>
      <p>
        Alimentos consumidos:
      </p>
      <div
        key="1"
        style={
          Object {
            "background": "#B6E052",
            "borderRadius": 10,
            "margin": "5px",
            "padding": 5,
            "textAlign": "center",
            "top": "3px",
          }
        }
      >
        <p
          style={
            Object {
              "margin": 0,
            }
          }
        >
          1
           x 
          Milanesa
          : 
          198
           calorias en total
        </p>
      </div>
      <p>
        Total de calorias consumidas en la comida: 
        198
      </p>
    </ModalBody>
    <ModalFooter>
      <Button
        active={false}
        disabled={false}
        onClick={[Function]}
        style={
          Object {
            "backgroundColor": "rgb(18, 207, 90)",
            "borderColor": "rgb(18, 207, 90)",
          }
        }
        type="button"
        variant="primary"
      >
        Editar
      </Button>
      <Button
        active={false}
        disabled={false}
        onClick={[Function]}
        style={
          Object {
            "backgroundColor": "rgb(18, 207, 90)",
            "borderColor": "rgb(18, 207, 90)",
          }
        }
        type="button"
        variant="primary"
      >
        Eliminar
      </Button>
    </ModalFooter>
  </Modal>
</Fragment>
`;
