// Jest Snapshot v1, https://goo.gl/fbAQLP

exports[`Carousel tests expect to render carousel 1`] = `
<Carousel
  controls={true}
  defaultActiveIndex={0}
  fade={true}
  indicators={true}
  interval={5000}
  keyboard={true}
  nextIcon={
    <span
      aria-hidden="true"
      className="carousel-control-next-icon"
    />
  }
  nextLabel="Next"
  pause={false}
  prevIcon={
    <span
      aria-hidden="true"
      className="carousel-control-prev-icon"
    />
  }
  prevLabel="Previous"
  slide={true}
  touch={true}
  wrap={true}
>
  <CarouselItem
    key="21"
  >
    <div
      className="container"
      style={
        Object {
          "background": "lightblue",
          "borderRadius": "10px",
          "textAlign": "center",
        }
      }
    >
      <div
        className="row"
      >
        <div
          className="col-md-4 col-lg-12"
        >
          <p>
            queso
          </p>
          <p>
            2021-09-09 00:00
          </p>
        </div>
        <div
          className="col-md-4 col-lg-12"
          style={
            Object {
              "margin": "auto",
              "position": "center",
              "textAlign": "center",
              "width": "30%",
            }
          }
        >
          <p>
            Calorias Consumidas
          </p>
        </div>
        <div
          className="col-md-4 col-lg-12"
          style={
            Object {
              "marginBottom": "10px",
              "marginTop": "10px",
              "position": "center",
            }
          }
        >
          <MealModal
            history={
              Object {
                "push": [MockFunction],
              }
            }
            meal={
              Object {
                "dateEaten": "2021-09-09T00:00:00.000Z",
                "foodsAndQuantity": Object {
                  "foods": Object {
                    "caloriesPerServing": 198,
                    "createdAt": "2021-09-15T19:58:04.486Z",
                    "foodId": 1,
                    "name": "Milanesa",
                    "recommendedServing": 85,
                  },
                  "quantity": 1,
                },
                "mealId": 21,
                "name": "queso",
                "userId": 1,
              }
            }
          />
        </div>
      </div>
    </div>
  </CarouselItem>
</Carousel>
`;
