// Jest Snapshot v1, https://goo.gl/fbAQLP

exports[`Header tests expect to render Header component to render with signing in 1`] = `
<div
  className="header"
  style={
    Object {
      "background": "#0E4749",
      "paddingBottom": "10px",
      "paddingTop": "10px",
      "top": 0,
    }
  }
>
  <nav
    className="navbar sticky-top navbar-expand-lg navbar-dark p-3"
  >
    <div
      className="container"
    >
      <img
        alt="imagen tracking"
        src="logo_small.png"
        style={
          Object {
            "width": 100,
          }
        }
      />
      <div
        className="collapse navbar-collapse"
        id="navbarNav"
        style={
          Object {
            "height": "23px",
          }
        }
      >
        <ul
          className="navbar-nav ms-auto"
        >
          <li>
            <button
              className="btn btn--primary btn--s"
              onClick={[Function]}
              style={
                Object {
                  "backgroundColor": "white",
                  "boxShadow": " 0px 0px 5px 1px black ",
                }
              }
              type="button"
            >
              Log out
            </button>
          </li>
        </ul>
      </div>
    </div>
  </nav>
</div>
`;
