// Jest Snapshot v1, https://goo.gl/fbAQLP

exports[`expect to render Header component 1`] = `
<header
  className="header"
>
  <div
    style={
      Object {
        "position": "relative",
        "width": "100%",
      }
    }
  >
    <div
      className="box"
    >
      <img
        alt="imagen tracking"
        src="logo_small.png"
        style={
          Object {
            "width": 100,
          }
        }
      />
      <button
        onClick={[Function]}
        type="button"
      >
        Log out
      </button>
    </div>
  </div>
</header>
`;
