// Jest Snapshot v1, https://goo.gl/fbAQLP

exports[`Modal tests expect to render MealModal component to render with carouselContainer 1`] = `
<Fragment>
  <Button
    active={false}
    disabled={false}
    onClick={[Function]}
    type="button"
    variant="primary"
  >
    Mas info
  </Button>
  <MyVerticallyCenteredModal
    history={
      Object {
        "push": [MockFunction],
      }
    }
    onHide={[Function]}
    show={false}
  />
</Fragment>
`;
