// Jest Snapshot v1, https://goo.gl/fbAQLP

exports[`ResetPasswordMainPage tests renders ResetPasswordMainPage without crashing 1`] = `
<div
  className="contenedor"
>
  <Header
    history={
      Object {
        "push": [MockFunction],
      }
    }
    onLogout={[MockFunction]}
  />
  <div
    style={
      Object {
        "alignItems": "center",
        "background": "#fff",
        "justifyContent": "center",
        "marginLeft": "100%",
        "textAlign": "center",
        "width": "100%",
      }
    }
  >
    <h1
      className="f1"
    >
      ResetPassword
    </h1>
    <form>
      <WithStyles(ForwardRef(TextField))
        name="password"
        onChange={[Function]}
        placeholder="New password"
        required={true}
        type="password"
      />
      <WithStyles(ForwardRef(TextField))
        name="passwordCheck"
        onChange={[Function]}
        placeholder="New password again"
        required={true}
        type="password"
      />
    </form>
    <br />
    <button
      className="button"
      onClick={[Function]}
    >
      Reset password
    </button>
    <p
      style={
        Object {
          "color": "black",
        }
      }
    />
  </div>
  <Footer />
</div>
`;
