// Jest Snapshot v1, https://goo.gl/fbAQLP

exports[`ResetPasswordMainPage tests renders ResetPasswordMainPage without crashing 1`] = `
<div
  className="contenedor"
>
  <Header
    history={
      Object {
        "push": [MockFunction],
      }
    }
    onLogout={[MockFunction]}
  />
  <div
    style={
      Object {
        "alignItems": "center",
        "background": "#f5f6f7",
        "justifyContent": "center",
        "marginLeft": "100%",
        "textAlign": "center",
        "width": "100%",
      }
    }
  >
    <h1
      className="f1"
      style={
        Object {
          "color": "rgb(0, 38, 38)",
          "fontFamily": "Arial",
        }
      }
    >
      Cambiar Contraseña
    </h1>
    <form>
      <WithStyles(ForwardRef(TextField))
        name="password"
        onChange={[Function]}
        placeholder="Nueva contraseña"
        required={true}
        type="password"
      />
      <WithStyles(ForwardRef(TextField))
        name="passwordCheck"
        onChange={[Function]}
        placeholder="Repita nueva contraseña"
        required={true}
        type="password"
      />
    </form>
    <br />
    <button
      className="button"
      onClick={[Function]}
    >
      Aceptar
    </button>
    <p
      style={
        Object {
          "color": "black",
        }
      }
    />
    <button
      onClick={[Function]}
      style={
        Object {
          "marginTop": "10%",
        }
      }
      type="button"
    >
      Volver al Perfil
    </button>
  </div>
  <Footer />
</div>
`;
